{"level":"info","message":"POST /auth/signup - IP: ::ffff:127.0.0.1","timestamp":"2026-01-03T20:55:37.180Z"}
{"level":"info","message":"POST /auth/login - IP: ::ffff:127.0.0.1","timestamp":"2026-01-03T20:55:55.416Z"}
{"ip":"::ffff:127.0.0.1","level":"info","message":"Successful login for user: bob3","timestamp":"2026-01-03T20:55:55.532Z"}
{"level":"info","message":"POST /auth/login - IP: ::1","timestamp":"2026-01-03T22:14:11.777Z"}
{"ip":"::1","level":"warn","message":"Failed login attempt for user: testuser","timestamp":"2026-01-03T22:14:11.906Z"}
{"level":"info","message":"POST /auth/login - IP: ::1","timestamp":"2026-01-03T22:15:09.008Z"}
{"code":40,"errorLabelSet":{},"errorResponse":{"code":40,"errmsg":"Updating the path 'failedLoginAttempts' would create a conflict at 'failedLoginAttempts'","index":0},"index":0,"level":"error","message":"Login error: Updating the path 'failedLoginAttempts' would create a conflict at 'failedLoginAttempts'","stack":"MongoServerError: Updating the path 'failedLoginAttempts' would create a conflict at 'failedLoginAttempts'\n    at UpdateOneOperation.handleOk (C:\\Users\\Vince\\Documents\\virtual-world\\node_modules\\mongodb\\lib\\operations\\update.js:70:19)\n    at tryOperation (C:\\Users\\Vince\\Documents\\virtual-world\\node_modules\\mongodb\\lib\\operations\\execute_operation.js:216:34)\n    at process.processTicksAndRejections (node:internal/process/task_queues:103:5)\n    at async executeOperation (C:\\Users\\Vince\\Documents\\virtual-world\\node_modules\\mongodb\\lib\\operations\\execute_operation.js:80:16)\n    at async Collection.updateOne (C:\\Users\\Vince\\Documents\\virtual-world\\node_modules\\mongodb\\lib\\collection.js:238:16)\n    at async model.Query.exec (C:\\Users\\Vince\\Documents\\virtual-world\\node_modules\\mongoose\\lib\\query.js:4627:63)\n    at async login (file:///C:/Users/Vince/Documents/virtual-world/src/controllers/authController.js:170:7)","timestamp":"2026-01-03T22:15:09.134Z"}
{"level":"info","message":"POST /auth/login - IP: ::1","timestamp":"2026-01-03T22:16:41.992Z"}
{"ip":"::1","level":"info","message":"Successful login for user: testuser","timestamp":"2026-01-03T22:16:42.109Z"}
{"level":"info","message":"POST /auth/refresh-token - IP: ::1","timestamp":"2026-01-03T22:16:42.115Z"}
{"level":"error","message":"Refresh token error: Cannot read properties of undefined (reading 'refreshToken')","stack":"TypeError: Cannot read properties of undefined (reading 'refreshToken')\n    at refreshToken (file:///C:/Users/Vince/Documents/virtual-world/src/controllers/authController.js:214:38)\n    at Layer.handleRequest (C:\\Users\\Vince\\Documents\\virtual-world\\node_modules\\router\\lib\\layer.js:152:17)\n    at next (C:\\Users\\Vince\\Documents\\virtual-world\\node_modules\\router\\lib\\route.js:157:13)\n    at Route.dispatch (C:\\Users\\Vince\\Documents\\virtual-world\\node_modules\\router\\lib\\route.js:117:3)\n    at handle (C:\\Users\\Vince\\Documents\\virtual-world\\node_modules\\router\\index.js:435:11)\n    at Layer.handleRequest (C:\\Users\\Vince\\Documents\\virtual-world\\node_modules\\router\\lib\\layer.js:152:17)\n    at C:\\Users\\Vince\\Documents\\virtual-world\\node_modules\\router\\index.js:295:15\n    at processParams (C:\\Users\\Vince\\Documents\\virtual-world\\node_modules\\router\\index.js:582:12)\n    at next (C:\\Users\\Vince\\Documents\\virtual-world\\node_modules\\router\\index.js:291:5)\n    at router.handle (C:\\Users\\Vince\\Documents\\virtual-world\\node_modules\\router\\index.js:186:3)","timestamp":"2026-01-03T22:16:42.116Z"}
{"level":"info","message":"POST /auth/login - IP: ::1","timestamp":"2026-01-03T22:17:09.667Z"}
{"ip":"::1","level":"info","message":"Successful login for user: testuser","timestamp":"2026-01-03T22:17:09.780Z"}
{"level":"info","message":"POST /auth/refresh-token - IP: ::1","timestamp":"2026-01-03T22:17:09.785Z"}
{"ip":"::1","level":"warn","message":"Refresh token attempt with no token provided","timestamp":"2026-01-03T22:17:09.786Z"}
{"level":"info","message":"POST /auth/login - IP: ::1","timestamp":"2026-01-03T22:18:02.312Z"}
{"ip":"::1","level":"info","message":"Successful login for user: testuser","timestamp":"2026-01-03T22:18:02.431Z"}
{"level":"info","message":"POST /auth/refresh-token - IP: ::1","timestamp":"2026-01-03T22:18:02.437Z"}
{"ip":"::1","level":"warn","message":"Refresh token attempt with no token provided","timestamp":"2026-01-03T22:18:02.437Z"}
{"level":"info","message":"POST /auth/login - IP: ::1","timestamp":"2026-01-03T22:21:01.810Z"}
{"ip":"::1","level":"info","message":"Successful login for user: testuser","timestamp":"2026-01-03T22:21:01.922Z"}
{"level":"info","message":"POST /auth/refresh-token - IP: ::1","timestamp":"2026-01-03T22:21:01.928Z"}
{"ip":"::1","level":"warn","message":"Refresh token attempt with no token provided","timestamp":"2026-01-03T22:21:01.929Z"}
{"level":"info","message":"POST /auth/login - IP: ::1","timestamp":"2026-01-03T22:21:53.581Z"}
{"ip":"::1","level":"info","message":"Successful login for user: testuser","timestamp":"2026-01-03T22:21:53.706Z"}
{"level":"info","message":"POST /auth/refresh-token - IP: ::1","timestamp":"2026-01-03T22:21:53.712Z"}
{"ip":"::1","level":"warn","message":"Refresh token attempt with no token provided","timestamp":"2026-01-03T22:21:53.712Z"}
{"level":"info","message":"POST /auth/login - IP: ::1","timestamp":"2026-01-03T22:24:15.565Z"}
{"ip":"::1","level":"info","message":"Successful login for user: testuser","timestamp":"2026-01-03T22:24:15.681Z"}
{"level":"info","message":"POST /auth/refresh-token - IP: ::1","timestamp":"2026-01-03T22:24:15.687Z"}
{"ip":"::1","level":"info","message":"Access token refreshed for user: testuser","timestamp":"2026-01-03T22:24:15.701Z"}
{"level":"info","message":"POST /auth/refresh-token - IP: ::1","timestamp":"2026-01-03T22:24:15.706Z"}
{"ip":"::1","level":"warn","message":"Refresh token reused within leeway window for user: 694effab7480129500ad3d71","timestamp":"2026-01-03T22:24:15.708Z"}
{"ip":"::1","level":"info","message":"Access token refreshed for user: testuser","timestamp":"2026-01-03T22:24:15.712Z"}
{"level":"info","message":"POST /auth/refresh-token - IP: ::1","timestamp":"2026-01-03T22:24:46.733Z"}
{"ip":"::1","level":"error","message":"CRITICAL: Refresh token reuse detected for user: 694effab7480129500ad3d71 - Potential security breach!","severity":"high","timestamp":"2026-01-03T22:24:46.736Z"}
{"level":"info","message":"POST /auth/signup - IP: ::ffff:127.0.0.1","timestamp":"2026-01-04T03:15:25.784Z"}
{"level":"info","message":"POST /auth/forgot-password - IP: ::ffff:127.0.0.1","timestamp":"2026-01-04T03:25:08.662Z"}
{"accepted":["vincentcornelius489@gmail.com"],"level":"info","message":"Password reset email sent to vincentcornelius489@gmail.com","messageId":"<6e0ef655-440c-8283-9204-7810f8249786@virtron.cc>","rejected":[],"timestamp":"2026-01-04T03:25:09.976Z"}
{"ip":"::ffff:127.0.0.1","level":"info","message":"Password reset email sent to user: vince","timestamp":"2026-01-04T03:25:09.977Z"}
{"level":"info","message":"Redis connection established","timestamp":"2026-01-04T23:48:30.560Z"}
{"level":"info","message":"Successfully connected to Redis","timestamp":"2026-01-04T23:48:30.562Z"}
{"level":"info","message":"POST /auth/login - IP: ::ffff:127.0.0.1","timestamp":"2026-01-04T23:49:43.984Z"}
{"ip":"::ffff:127.0.0.1","level":"info","message":"Successful login for user: bob3","timestamp":"2026-01-04T23:49:44.269Z"}
{"level":"info","message":"POST /auth/signup - IP: ::ffff:127.0.0.1","timestamp":"2026-01-04T23:50:36.336Z"}
{"email":"vincentcornelius489@gmail.com","ip":"::ffff:127.0.0.1","level":"warn","message":"Signup attempt with existing username or email","timestamp":"2026-01-04T23:50:36.343Z","username":"vince2"}
{"level":"info","message":"POST /auth/signup - IP: ::ffff:127.0.0.1","timestamp":"2026-01-04T23:50:54.799Z"}
{"level":"info","message":"Redis connection established","timestamp":"2026-01-04T23:53:08.204Z"}
{"level":"info","message":"Successfully connected to Redis","timestamp":"2026-01-04T23:53:08.206Z"}
{"level":"info","message":"POST /auth/signup - IP: ::ffff:127.0.0.1","timestamp":"2026-01-04T23:53:30.992Z"}
{"level":"info","message":"Redis connection established","timestamp":"2026-01-04T23:55:31.207Z"}
{"level":"info","message":"Successfully connected to Redis","timestamp":"2026-01-04T23:55:31.209Z"}
{"level":"info","message":"Redis connection established","timestamp":"2026-01-04T23:55:57.461Z"}
{"level":"info","message":"Successfully connected to Redis","timestamp":"2026-01-04T23:55:57.463Z"}
{"level":"info","message":"POST /auth/signup - IP: ::ffff:127.0.0.1","timestamp":"2026-01-04T23:56:43.432Z"}
{"level":"info","message":"Redis connection established","timestamp":"2026-01-04T23:57:07.522Z"}
{"level":"info","message":"Successfully connected to Redis","timestamp":"2026-01-04T23:57:07.524Z"}
{"level":"info","message":"Redis connection established","timestamp":"2026-01-04T23:57:25.286Z"}
{"level":"info","message":"Successfully connected to Redis","timestamp":"2026-01-04T23:57:25.287Z"}
{"level":"info","message":"POST /auth/signup - IP: ::ffff:127.0.0.1","timestamp":"2026-01-04T23:58:05.708Z"}
{"level":"info","message":"Redis connection established","timestamp":"2026-01-04T23:58:41.555Z"}
{"level":"info","message":"Successfully connected to Redis","timestamp":"2026-01-04T23:58:41.558Z"}
{"level":"info","message":"POST /auth/signup - IP: ::1","timestamp":"2026-01-04T23:58:56.767Z"}
{"level":"info","message":"Redis connection established","timestamp":"2026-01-05T00:02:29.221Z"}
{"level":"info","message":"Successfully connected to Redis","timestamp":"2026-01-05T00:02:29.223Z"}
{"level":"info","message":"Redis connection established","timestamp":"2026-01-05T00:02:30.468Z"}
{"level":"info","message":"Successfully connected to Redis","timestamp":"2026-01-05T00:02:30.470Z"}
{"level":"info","message":"POST /auth/signup - IP: ::ffff:127.0.0.1","timestamp":"2026-01-05T00:02:47.442Z"}
{"level":"info","message":"POST /auth/signup - IP: ::1","timestamp":"2026-01-05T00:03:28.803Z"}
{"email":"test@example.com","ip":"::1","level":"warn","message":"Signup attempt with missing fields","timestamp":"2026-01-05T00:03:28.807Z"}
{"level":"info","message":"POST /auth/signup - IP: ::1","timestamp":"2026-01-05T00:03:53.786Z"}
{"email":"test@example.com","ip":"::1","level":"warn","message":"Signup attempt with weak password","timestamp":"2026-01-05T00:03:53.791Z","username":"testuser"}
{"level":"info","message":"POST /auth/signup - IP: ::1","timestamp":"2026-01-05T00:03:59.741Z"}
{"email":"test@example.com","ip":"::1","level":"warn","message":"Signup attempt with weak password","timestamp":"2026-01-05T00:03:59.744Z","username":"testuser"}
{"level":"info","message":"POST /auth/signup - IP: ::1","timestamp":"2026-01-05T00:04:04.500Z"}
{"email":"test@example.com","ip":"::1","level":"warn","message":"Signup attempt with weak password","timestamp":"2026-01-05T00:04:04.502Z","username":"testuser"}
{"level":"info","message":"POST /auth/signup - IP: ::1","timestamp":"2026-01-05T00:04:12.607Z"}
{"level":"info","message":"Redis connection established","timestamp":"2026-01-05T00:06:51.491Z"}
{"level":"info","message":"Successfully connected to Redis","timestamp":"2026-01-05T00:06:51.494Z"}
{"level":"info","message":"Redis connection established","timestamp":"2026-01-05T00:06:53.571Z"}
{"level":"info","message":"Successfully connected to Redis","timestamp":"2026-01-05T00:06:53.573Z"}
